components/ui/alert-dialog.tsx(6,20): error TS2307: Cannot find module '@/lib/utils' or its corresponding type declarations.
components/ui/badge.tsx(4,20): error TS2307: Cannot find module '@/lib/utils' or its corresponding type declarations.
components/ui/button.tsx(5,20): error TS2307: Cannot find module '@/lib/utils' or its corresponding type declarations.
components/ui/calendar.tsx(7,20): error TS2307: Cannot find module '@/lib/utils' or its corresponding type declarations.
components/ui/card.tsx(3,20): error TS2307: Cannot find module '@/lib/utils' or its corresponding type declarations.
components/ui/carousel.tsx(9,20): error TS2307: Cannot find module '@/lib/utils' or its corresponding type declarations.
components/ui/dialog.tsx(7,20): error TS2307: Cannot find module '@/lib/utils' or its corresponding type declarations.
components/ui/drawer.tsx(6,20): error TS2307: Cannot find module '@/lib/utils' or its corresponding type declarations.
components/ui/dropdown-menu.tsx(7,20): error TS2307: Cannot find module '@/lib/utils' or its corresponding type declarations.
components/ui/form.tsx(15,20): error TS2307: Cannot find module '@/lib/utils' or its corresponding type declarations.
components/ui/form.tsx(16,23): error TS2307: Cannot find module '@/components/ui/label' or its corresponding type declarations.
components/ui/hover-card.tsx(6,20): error TS2307: Cannot find module '@/lib/utils' or its corresponding type declarations.
components/ui/input.tsx(3,20): error TS2307: Cannot find module '@/lib/utils' or its corresponding type declarations.
components/ui/navigation-menu.tsx(6,20): error TS2307: Cannot find module '@/lib/utils' or its corresponding type declarations.
components/ui/pagination.tsx(4,20): error TS2307: Cannot find module '@/lib/utils' or its corresponding type declarations.
components/ui/progress.tsx(6,20): error TS2307: Cannot find module '@/lib/utils' or its corresponding type declarations.
components/ui/select.tsx(7,20): error TS2307: Cannot find module '@/lib/utils' or its corresponding type declarations.
components/ui/sheet.tsx(8,20): error TS2307: Cannot find module '@/lib/utils' or its corresponding type declarations.
components/ui/slider.tsx(6,20): error TS2307: Cannot find module '@/lib/utils' or its corresponding type declarations.
components/ui/table.tsx(3,20): error TS2307: Cannot find module '@/lib/utils' or its corresponding type declarations.
components/ui/toast.tsx(8,20): error TS2307: Cannot find module '@/lib/utils' or its corresponding type declarations.
components/ui/tooltip.tsx(6,20): error TS2307: Cannot find module '@/lib/utils' or its corresponding type declarations.
